Starting PDF generation test...
node.exe : TypeError: 
fs.createWriteStream 
is not a function
Au caractère Ligne:1 
: 1
+ & "C:\Program Files\
nodejs/node.exe" 
"C:\Program 
Files\nodejs/node_mo 
...
+ ~~~~~~~~~~~~~~~~~~~~
~~~~~~~~~~~~~~~~~~~~~~
~~~~~~~~~~~~~~~~~~~~~~
~~~~~
    + CategoryInfo    
          : NotSpeci  
  fied: (TypeError:   
  fs.c... not a fu    
nction:String) []    
, RemoteException
    + FullyQualifiedE 
   rrorId : NativeCo  
  mmandError
 
    at run 
(C:\Users\lpuss\app or
ylis\scripts\test-pdf-
logo.ts:105:23)
    at <anonymous> 
(C:\Users\lpuss\app or
ylis\scripts\test-pdf-
logo.ts:120:1)
    at ModuleJob.run (
node:internal/modules/
esm/module_job:345:25)
    at async onImport.
tracePromise.__proto__
 (node:internal/module
s/esm/loader:665:26)
    at async asyncRunE
ntryPointWithESMLoader
 (node:internal/module
s/run_main:117:5)
